.next/types/validator.ts(42,39): error TS2307: Cannot find module '../../src/app/(auth)/login/page.js' or its corresponding type declarations.
src/app/dashboard/stock/transfer/new/page.tsx(74,9): error TS2322: Type 'Resolver<{ date: Date; fromCustomerId: string; toCustomerId: string; agreementId: string; items: { materialId: string; quantity: unknown; materialName?: string | undefined; fromBalance?: number | undefined; toBalance?: number | undefined; }[]; vehicleNumber?: string | undefined; remarks?: string | undefined; senderT...' is not assignable to type 'Resolver<{ date: Date; fromCustomerId: string; toCustomerId: string; agreementId: string; senderTransportation: number; receiverTransportation: number; items: { materialId: string; quantity: number; fromBalance: number; toBalance: number; materialName?: string | undefined; }[]; vehicleNumber?: string | undefined; re...'.
  Types of parameters 'options' and 'options' are incompatible.
    Type 'ResolverOptions<{ date: Date; fromCustomerId: string; toCustomerId: string; agreementId: string; senderTransportation: number; receiverTransportation: number; items: { materialId: string; quantity: number; fromBalance: number; toBalance: number; materialName?: string | undefined; }[]; vehicleNumber?: string | undefi...' is not assignable to type 'ResolverOptions<{ date: Date; fromCustomerId: string; toCustomerId: string; agreementId: string; items: { materialId: string; quantity: unknown; materialName?: string | undefined; fromBalance?: number | undefined; toBalance?: number | undefined; }[]; vehicleNumber?: string | undefined; remarks?: string | undefined; ...'.
      Types of property 'names' are incompatible.
        Type 'string[] | undefined' is not assignable to type '("date" | "items" | "agreementId" | "vehicleNumber" | "remarks" | "fromCustomerId" | "toCustomerId" | "senderTransportation" | "receiverTransportation")[] | undefined'.
          Type 'string[]' is not assignable to type '("date" | "items" | "agreementId" | "vehicleNumber" | "remarks" | "fromCustomerId" | "toCustomerId" | "senderTransportation" | "receiverTransportation")[]'.
            Type 'string' is not assignable to type '"date" | "items" | "agreementId" | "vehicleNumber" | "remarks" | "fromCustomerId" | "toCustomerId" | "senderTransportation" | "receiverTransportation"'.
src/app/dashboard/stock/transfer/new/page.tsx(205,52): error TS2345: Argument of type '(values: FormValues) => Promise<void>' is not assignable to parameter of type 'SubmitHandler<TFieldValues>'.
  Types of parameters 'values' and 'data' are incompatible.
    Type 'TFieldValues' is not assignable to type '{ date: Date; fromCustomerId: string; toCustomerId: string; agreementId: string; senderTransportation: number; receiverTransportation: number; items: { materialId: string; quantity: number; fromBalance: number; toBalance: number; materialName?: string | undefined; }[]; vehicleNumber?: string | undefined; remarks?: s...'.
      Type 'FieldValues' is missing the following properties from type '{ date: Date; fromCustomerId: string; toCustomerId: string; agreementId: string; senderTransportation: number; receiverTransportation: number; items: { materialId: string; quantity: number; fromBalance: number; toBalance: number; materialName?: string | undefined; }[]; vehicleNumber?: string | undefined; remarks?: s...': date, fromCustomerId, toCustomerId, agreementId, and 3 more.
src/app/dashboard/stock/transfer/new/page.tsx(215,51): error TS2345: Argument of type '(values: FormValues) => Promise<void>' is not assignable to parameter of type 'SubmitHandler<TFieldValues>'.
  Types of parameters 'values' and 'data' are incompatible.
    Type 'TFieldValues' is not assignable to type '{ date: Date; fromCustomerId: string; toCustomerId: string; agreementId: string; senderTransportation: number; receiverTransportation: number; items: { materialId: string; quantity: number; fromBalance: number; toBalance: number; materialName?: string | undefined; }[]; vehicleNumber?: string | undefined; remarks?: s...'.
      Type 'FieldValues' is missing the following properties from type '{ date: Date; fromCustomerId: string; toCustomerId: string; agreementId: string; senderTransportation: number; receiverTransportation: number; items: { materialId: string; quantity: number; fromBalance: number; toBalance: number; materialName?: string | undefined; }[]; vehicleNumber?: string | undefined; remarks?: s...': date, fromCustomerId, toCustomerId, agreementId, and 3 more.
src/app/dashboard/stock/transfer/new/page.tsx(226,37): error TS2719: Type 'import("C:/Users/lenovo/Desktop/stockDo/frontend/node_modules/react-hook-form/dist/types/form").Control<{ date: Date; fromCustomerId: string; toCustomerId: string; agreementId: string; senderTransportation: number; receiverTransportation: number; items: { materialId: string; quantity: number; fromBalance: number; to...' is not assignable to type 'import("C:/Users/lenovo/Desktop/stockDo/frontend/node_modules/react-hook-form/dist/types/form").Control<{ date: Date; fromCustomerId: string; toCustomerId: string; agreementId: string; senderTransportation: number; receiverTransportation: number; items: { materialId: string; quantity: number; fromBalance: number; to...'. Two different types with this name exist, but they are unrelated.
  The types of '_options.resolver' are incompatible between these types.
    Type 'import("C:/Users/lenovo/Desktop/stockDo/frontend/node_modules/react-hook-form/dist/types/resolvers").Resolver<{ date: Date; fromCustomerId: string; toCustomerId: string; agreementId: string; senderTransportation: number; receiverTransportation: number; items: { materialId: string; quantity: number; fromBalance: numb...' is not assignable to type 'import("C:/Users/lenovo/Desktop/stockDo/frontend/node_modules/react-hook-form/dist/types/resolvers").Resolver<{ date: Date; fromCustomerId: string; toCustomerId: string; agreementId: string; senderTransportation: number; receiverTransportation: number; items: { materialId: string; quantity: number; fromBalance: numb...'. Two different types with this name exist, but they are unrelated.
      Type 'import("C:/Users/lenovo/Desktop/stockDo/frontend/node_modules/react-hook-form/dist/types/resolvers").Resolver<{ date: Date; fromCustomerId: string; toCustomerId: string; agreementId: string; senderTransportation: number; receiverTransportation: number; items: { materialId: string; quantity: number; fromBalance: numb...' is not assignable to type 'import("C:/Users/lenovo/Desktop/stockDo/frontend/node_modules/react-hook-form/dist/types/resolvers").Resolver<{ date: Date; fromCustomerId: string; toCustomerId: string; agreementId: string; senderTransportation: number; receiverTransportation: number; items: { materialId: string; quantity: number; fromBalance: numb...'. Two different types with this name exist, but they are unrelated.
        Type 'import("C:/Users/lenovo/Desktop/stockDo/frontend/node_modules/react-hook-form/dist/types/resolvers").ResolverResult<{ date: Date; fromCustomerId: string; toCustomerId: string; agreementId: string; senderTransportation: number; receiverTransportation: number; items: { materialId: string; quantity: number; fromBalance...' is not assignable to type 'import("C:/Users/lenovo/Desktop/stockDo/frontend/node_modules/react-hook-form/dist/types/resolvers").ResolverResult<{ date: Date; fromCustomerId: string; toCustomerId: string; agreementId: string; senderTransportation: number; receiverTransportation: number; items: { materialId: string; quantity: number; fromBalance...'. Two different types with this name exist, but they are unrelated.
          Type 'ResolverSuccess<TFieldValues>' is not assignable to type 'ResolverResult<{ date: Date; fromCustomerId: string; toCustomerId: string; agreementId: string; senderTransportation: number; receiverTransportation: number; items: { materialId: string; quantity: number; fromBalance: number; toBalance: number; materialName?: string | undefined; }[]; vehicleNumber?: string | undefin...'.
            Type 'ResolverSuccess<TFieldValues>' is not assignable to type 'ResolverSuccess<{ date: Date; fromCustomerId: string; toCustomerId: string; agreementId: string; senderTransportation: number; receiverTransportation: number; items: { materialId: string; quantity: number; fromBalance: number; toBalance: number; materialName?: string | undefined; }[]; vehicleNumber?: string | undefi...'.
              Type 'TFieldValues' is not assignable to type '{ date: Date; fromCustomerId: string; toCustomerId: string; agreementId: string; senderTransportation: number; receiverTransportation: number; items: { materialId: string; quantity: number; fromBalance: number; toBalance: number; materialName?: string | undefined; }[]; vehicleNumber?: string | undefined; remarks?: s...'.
                Type 'FieldValues' is missing the following properties from type '{ date: Date; fromCustomerId: string; toCustomerId: string; agreementId: string; senderTransportation: number; receiverTransportation: number; items: { materialId: string; quantity: number; fromBalance: number; toBalance: number; materialName?: string | undefined; }[]; vehicleNumber?: string | undefined; remarks?: s...': date, fromCustomerId, toCustomerId, agreementId, and 3 more.
src/app/dashboard/stock/transfer/new/page.tsx(246,37): error TS2719: Type 'import("C:/Users/lenovo/Desktop/stockDo/frontend/node_modules/react-hook-form/dist/types/form").Control<{ date: Date; fromCustomerId: string; toCustomerId: string; agreementId: string; senderTransportation: number; receiverTransportation: number; items: { materialId: string; quantity: number; fromBalance: number; to...' is not assignable to type 'import("C:/Users/lenovo/Desktop/stockDo/frontend/node_modules/react-hook-form/dist/types/form").Control<{ date: Date; fromCustomerId: string; toCustomerId: string; agreementId: string; senderTransportation: number; receiverTransportation: number; items: { materialId: string; quantity: number; fromBalance: number; to...'. Two different types with this name exist, but they are unrelated.
  The types of '_options.resolver' are incompatible between these types.
    Type 'import("C:/Users/lenovo/Desktop/stockDo/frontend/node_modules/react-hook-form/dist/types/resolvers").Resolver<{ date: Date; fromCustomerId: string; toCustomerId: string; agreementId: string; senderTransportation: number; receiverTransportation: number; items: { materialId: string; quantity: number; fromBalance: numb...' is not assignable to type 'import("C:/Users/lenovo/Desktop/stockDo/frontend/node_modules/react-hook-form/dist/types/resolvers").Resolver<{ date: Date; fromCustomerId: string; toCustomerId: string; agreementId: string; senderTransportation: number; receiverTransportation: number; items: { materialId: string; quantity: number; fromBalance: numb...'. Two different types with this name exist, but they are unrelated.
      Type 'import("C:/Users/lenovo/Desktop/stockDo/frontend/node_modules/react-hook-form/dist/types/resolvers").Resolver<{ date: Date; fromCustomerId: string; toCustomerId: string; agreementId: string; senderTransportation: number; receiverTransportation: number; items: { materialId: string; quantity: number; fromBalance: numb...' is not assignable to type 'import("C:/Users/lenovo/Desktop/stockDo/frontend/node_modules/react-hook-form/dist/types/resolvers").Resolver<{ date: Date; fromCustomerId: string; toCustomerId: string; agreementId: string; senderTransportation: number; receiverTransportation: number; items: { materialId: string; quantity: number; fromBalance: numb...'. Two different types with this name exist, but they are unrelated.
        Type 'import("C:/Users/lenovo/Desktop/stockDo/frontend/node_modules/react-hook-form/dist/types/resolvers").ResolverResult<{ date: Date; fromCustomerId: string; toCustomerId: string; agreementId: string; senderTransportation: number; receiverTransportation: number; items: { materialId: string; quantity: number; fromBalance...' is not assignable to type 'import("C:/Users/lenovo/Desktop/stockDo/frontend/node_modules/react-hook-form/dist/types/resolvers").ResolverResult<{ date: Date; fromCustomerId: string; toCustomerId: string; agreementId: string; senderTransportation: number; receiverTransportation: number; items: { materialId: string; quantity: number; fromBalance...'. Two different types with this name exist, but they are unrelated.
          Type 'ResolverSuccess<TFieldValues>' is not assignable to type 'ResolverResult<{ date: Date; fromCustomerId: string; toCustomerId: string; agreementId: string; senderTransportation: number; receiverTransportation: number; items: { materialId: string; quantity: number; fromBalance: number; toBalance: number; materialName?: string | undefined; }[]; vehicleNumber?: string | undefin...'.
            Type 'ResolverSuccess<TFieldValues>' is not assignable to type 'ResolverSuccess<{ date: Date; fromCustomerId: string; toCustomerId: string; agreementId: string; senderTransportation: number; receiverTransportation: number; items: { materialId: string; quantity: number; fromBalance: number; toBalance: number; materialName?: string | undefined; }[]; vehicleNumber?: string | undefi...'.
              Type 'TFieldValues' is not assignable to type '{ date: Date; fromCustomerId: string; toCustomerId: string; agreementId: string; senderTransportation: number; receiverTransportation: number; items: { materialId: string; quantity: number; fromBalance: number; toBalance: number; materialName?: string | undefined; }[]; vehicleNumber?: string | undefined; remarks?: s...'.
                Type 'FieldValues' is missing the following properties from type '{ date: Date; fromCustomerId: string; toCustomerId: string; agreementId: string; senderTransportation: number; receiverTransportation: number; items: { materialId: string; quantity: number; fromBalance: number; toBalance: number; materialName?: string | undefined; }[]; vehicleNumber?: string | undefined; remarks?: s...': date, fromCustomerId, toCustomerId, agreementId, and 3 more.
src/app/dashboard/stock/transfer/new/page.tsx(269,37): error TS2719: Type 'import("C:/Users/lenovo/Desktop/stockDo/frontend/node_modules/react-hook-form/dist/types/form").Control<{ date: Date; fromCustomerId: string; toCustomerId: string; agreementId: string; senderTransportation: number; receiverTransportation: number; items: { materialId: string; quantity: number; fromBalance: number; to...' is not assignable to type 'import("C:/Users/lenovo/Desktop/stockDo/frontend/node_modules/react-hook-form/dist/types/form").Control<{ date: Date; fromCustomerId: string; toCustomerId: string; agreementId: string; senderTransportation: number; receiverTransportation: number; items: { materialId: string; quantity: number; fromBalance: number; to...'. Two different types with this name exist, but they are unrelated.
  The types of '_options.resolver' are incompatible between these types.
    Type 'import("C:/Users/lenovo/Desktop/stockDo/frontend/node_modules/react-hook-form/dist/types/resolvers").Resolver<{ date: Date; fromCustomerId: string; toCustomerId: string; agreementId: string; senderTransportation: number; receiverTransportation: number; items: { materialId: string; quantity: number; fromBalance: numb...' is not assignable to type 'import("C:/Users/lenovo/Desktop/stockDo/frontend/node_modules/react-hook-form/dist/types/resolvers").Resolver<{ date: Date; fromCustomerId: string; toCustomerId: string; agreementId: string; senderTransportation: number; receiverTransportation: number; items: { materialId: string; quantity: number; fromBalance: numb...'. Two different types with this name exist, but they are unrelated.
      Type 'import("C:/Users/lenovo/Desktop/stockDo/frontend/node_modules/react-hook-form/dist/types/resolvers").Resolver<{ date: Date; fromCustomerId: string; toCustomerId: string; agreementId: string; senderTransportation: number; receiverTransportation: number; items: { materialId: string; quantity: number; fromBalance: numb...' is not assignable to type 'import("C:/Users/lenovo/Desktop/stockDo/frontend/node_modules/react-hook-form/dist/types/resolvers").Resolver<{ date: Date; fromCustomerId: string; toCustomerId: string; agreementId: string; senderTransportation: number; receiverTransportation: number; items: { materialId: string; quantity: number; fromBalance: numb...'. Two different types with this name exist, but they are unrelated.
        Type 'import("C:/Users/lenovo/Desktop/stockDo/frontend/node_modules/react-hook-form/dist/types/resolvers").ResolverResult<{ date: Date; fromCustomerId: string; toCustomerId: string; agreementId: string; senderTransportation: number; receiverTransportation: number; items: { materialId: string; quantity: number; fromBalance...' is not assignable to type 'import("C:/Users/lenovo/Desktop/stockDo/frontend/node_modules/react-hook-form/dist/types/resolvers").ResolverResult<{ date: Date; fromCustomerId: string; toCustomerId: string; agreementId: string; senderTransportation: number; receiverTransportation: number; items: { materialId: string; quantity: number; fromBalance...'. Two different types with this name exist, but they are unrelated.
          Type 'ResolverSuccess<TFieldValues>' is not assignable to type 'ResolverResult<{ date: Date; fromCustomerId: string; toCustomerId: string; agreementId: string; senderTransportation: number; receiverTransportation: number; items: { materialId: string; quantity: number; fromBalance: number; toBalance: number; materialName?: string | undefined; }[]; vehicleNumber?: string | undefin...'.
            Type 'ResolverSuccess<TFieldValues>' is not assignable to type 'ResolverSuccess<{ date: Date; fromCustomerId: string; toCustomerId: string; agreementId: string; senderTransportation: number; receiverTransportation: number; items: { materialId: string; quantity: number; fromBalance: number; toBalance: number; materialName?: string | undefined; }[]; vehicleNumber?: string | undefi...'.
              Type 'TFieldValues' is not assignable to type '{ date: Date; fromCustomerId: string; toCustomerId: string; agreementId: string; senderTransportation: number; receiverTransportation: number; items: { materialId: string; quantity: number; fromBalance: number; toBalance: number; materialName?: string | undefined; }[]; vehicleNumber?: string | undefined; remarks?: s...'.
                Type 'FieldValues' is missing the following properties from type '{ date: Date; fromCustomerId: string; toCustomerId: string; agreementId: string; senderTransportation: number; receiverTransportation: number; items: { materialId: string; quantity: number; fromBalance: number; toBalance: number; materialName?: string | undefined; }[]; vehicleNumber?: string | undefined; remarks?: s...': date, fromCustomerId, toCustomerId, agreementId, and 3 more.
src/app/dashboard/stock/transfer/new/page.tsx(293,37): error TS2719: Type 'import("C:/Users/lenovo/Desktop/stockDo/frontend/node_modules/react-hook-form/dist/types/form").Control<{ date: Date; fromCustomerId: string; toCustomerId: string; agreementId: string; senderTransportation: number; receiverTransportation: number; items: { materialId: string; quantity: number; fromBalance: number; to...' is not assignable to type 'import("C:/Users/lenovo/Desktop/stockDo/frontend/node_modules/react-hook-form/dist/types/form").Control<{ date: Date; fromCustomerId: string; toCustomerId: string; agreementId: string; senderTransportation: number; receiverTransportation: number; items: { materialId: string; quantity: number; fromBalance: number; to...'. Two different types with this name exist, but they are unrelated.
  The types of '_options.resolver' are incompatible between these types.
    Type 'import("C:/Users/lenovo/Desktop/stockDo/frontend/node_modules/react-hook-form/dist/types/resolvers").Resolver<{ date: Date; fromCustomerId: string; toCustomerId: string; agreementId: string; senderTransportation: number; receiverTransportation: number; items: { materialId: string; quantity: number; fromBalance: numb...' is not assignable to type 'import("C:/Users/lenovo/Desktop/stockDo/frontend/node_modules/react-hook-form/dist/types/resolvers").Resolver<{ date: Date; fromCustomerId: string; toCustomerId: string; agreementId: string; senderTransportation: number; receiverTransportation: number; items: { materialId: string; quantity: number; fromBalance: numb...'. Two different types with this name exist, but they are unrelated.
      Type 'import("C:/Users/lenovo/Desktop/stockDo/frontend/node_modules/react-hook-form/dist/types/resolvers").Resolver<{ date: Date; fromCustomerId: string; toCustomerId: string; agreementId: string; senderTransportation: number; receiverTransportation: number; items: { materialId: string; quantity: number; fromBalance: numb...' is not assignable to type 'import("C:/Users/lenovo/Desktop/stockDo/frontend/node_modules/react-hook-form/dist/types/resolvers").Resolver<{ date: Date; fromCustomerId: string; toCustomerId: string; agreementId: string; senderTransportation: number; receiverTransportation: number; items: { materialId: string; quantity: number; fromBalance: numb...'. Two different types with this name exist, but they are unrelated.
        Type 'import("C:/Users/lenovo/Desktop/stockDo/frontend/node_modules/react-hook-form/dist/types/resolvers").ResolverResult<{ date: Date; fromCustomerId: string; toCustomerId: string; agreementId: string; senderTransportation: number; receiverTransportation: number; items: { materialId: string; quantity: number; fromBalance...' is not assignable to type 'import("C:/Users/lenovo/Desktop/stockDo/frontend/node_modules/react-hook-form/dist/types/resolvers").ResolverResult<{ date: Date; fromCustomerId: string; toCustomerId: string; agreementId: string; senderTransportation: number; receiverTransportation: number; items: { materialId: string; quantity: number; fromBalance...'. Two different types with this name exist, but they are unrelated.
          Type 'ResolverSuccess<TFieldValues>' is not assignable to type 'ResolverResult<{ date: Date; fromCustomerId: string; toCustomerId: string; agreementId: string; senderTransportation: number; receiverTransportation: number; items: { materialId: string; quantity: number; fromBalance: number; toBalance: number; materialName?: string | undefined; }[]; vehicleNumber?: string | undefin...'.
            Type 'ResolverSuccess<TFieldValues>' is not assignable to type 'ResolverSuccess<{ date: Date; fromCustomerId: string; toCustomerId: string; agreementId: string; senderTransportation: number; receiverTransportation: number; items: { materialId: string; quantity: number; fromBalance: number; toBalance: number; materialName?: string | undefined; }[]; vehicleNumber?: string | undefi...'.
              Type 'TFieldValues' is not assignable to type '{ date: Date; fromCustomerId: string; toCustomerId: string; agreementId: string; senderTransportation: number; receiverTransportation: number; items: { materialId: string; quantity: number; fromBalance: number; toBalance: number; materialName?: string | undefined; }[]; vehicleNumber?: string | undefined; remarks?: s...'.
                Type 'FieldValues' is missing the following properties from type '{ date: Date; fromCustomerId: string; toCustomerId: string; agreementId: string; senderTransportation: number; receiverTransportation: number; items: { materialId: string; quantity: number; fromBalance: number; toBalance: number; materialName?: string | undefined; }[]; vehicleNumber?: string | undefined; remarks?: s...': date, fromCustomerId, toCustomerId, agreementId, and 3 more.
src/app/dashboard/stock/transfer/new/page.tsx(342,37): error TS2719: Type 'import("C:/Users/lenovo/Desktop/stockDo/frontend/node_modules/react-hook-form/dist/types/form").Control<{ date: Date; fromCustomerId: string; toCustomerId: string; agreementId: string; senderTransportation: number; receiverTransportation: number; items: { materialId: string; quantity: number; fromBalance: number; to...' is not assignable to type 'import("C:/Users/lenovo/Desktop/stockDo/frontend/node_modules/react-hook-form/dist/types/form").Control<{ date: Date; fromCustomerId: string; toCustomerId: string; agreementId: string; senderTransportation: number; receiverTransportation: number; items: { materialId: string; quantity: number; fromBalance: number; to...'. Two different types with this name exist, but they are unrelated.
  The types of '_options.resolver' are incompatible between these types.
    Type 'import("C:/Users/lenovo/Desktop/stockDo/frontend/node_modules/react-hook-form/dist/types/resolvers").Resolver<{ date: Date; fromCustomerId: string; toCustomerId: string; agreementId: string; senderTransportation: number; receiverTransportation: number; items: { materialId: string; quantity: number; fromBalance: numb...' is not assignable to type 'import("C:/Users/lenovo/Desktop/stockDo/frontend/node_modules/react-hook-form/dist/types/resolvers").Resolver<{ date: Date; fromCustomerId: string; toCustomerId: string; agreementId: string; senderTransportation: number; receiverTransportation: number; items: { materialId: string; quantity: number; fromBalance: numb...'. Two different types with this name exist, but they are unrelated.
      Type 'import("C:/Users/lenovo/Desktop/stockDo/frontend/node_modules/react-hook-form/dist/types/resolvers").Resolver<{ date: Date; fromCustomerId: string; toCustomerId: string; agreementId: string; senderTransportation: number; receiverTransportation: number; items: { materialId: string; quantity: number; fromBalance: numb...' is not assignable to type 'import("C:/Users/lenovo/Desktop/stockDo/frontend/node_modules/react-hook-form/dist/types/resolvers").Resolver<{ date: Date; fromCustomerId: string; toCustomerId: string; agreementId: string; senderTransportation: number; receiverTransportation: number; items: { materialId: string; quantity: number; fromBalance: numb...'. Two different types with this name exist, but they are unrelated.
        Type 'import("C:/Users/lenovo/Desktop/stockDo/frontend/node_modules/react-hook-form/dist/types/resolvers").ResolverResult<{ date: Date; fromCustomerId: string; toCustomerId: string; agreementId: string; senderTransportation: number; receiverTransportation: number; items: { materialId: string; quantity: number; fromBalance...' is not assignable to type 'import("C:/Users/lenovo/Desktop/stockDo/frontend/node_modules/react-hook-form/dist/types/resolvers").ResolverResult<{ date: Date; fromCustomerId: string; toCustomerId: string; agreementId: string; senderTransportation: number; receiverTransportation: number; items: { materialId: string; quantity: number; fromBalance...'. Two different types with this name exist, but they are unrelated.
          Type 'ResolverSuccess<TFieldValues>' is not assignable to type 'ResolverResult<{ date: Date; fromCustomerId: string; toCustomerId: string; agreementId: string; senderTransportation: number; receiverTransportation: number; items: { materialId: string; quantity: number; fromBalance: number; toBalance: number; materialName?: string | undefined; }[]; vehicleNumber?: string | undefin...'.
            Type 'ResolverSuccess<TFieldValues>' is not assignable to type 'ResolverSuccess<{ date: Date; fromCustomerId: string; toCustomerId: string; agreementId: string; senderTransportation: number; receiverTransportation: number; items: { materialId: string; quantity: number; fromBalance: number; toBalance: number; materialName?: string | undefined; }[]; vehicleNumber?: string | undefi...'.
              Type 'TFieldValues' is not assignable to type '{ date: Date; fromCustomerId: string; toCustomerId: string; agreementId: string; senderTransportation: number; receiverTransportation: number; items: { materialId: string; quantity: number; fromBalance: number; toBalance: number; materialName?: string | undefined; }[]; vehicleNumber?: string | undefined; remarks?: s...'.
                Type 'FieldValues' is missing the following properties from type '{ date: Date; fromCustomerId: string; toCustomerId: string; agreementId: string; senderTransportation: number; receiverTransportation: number; items: { materialId: string; quantity: number; fromBalance: number; toBalance: number; materialName?: string | undefined; }[]; vehicleNumber?: string | undefined; remarks?: s...': date, fromCustomerId, toCustomerId, agreementId, and 3 more.
src/app/dashboard/stock/transfer/new/page.tsx(355,37): error TS2719: Type 'import("C:/Users/lenovo/Desktop/stockDo/frontend/node_modules/react-hook-form/dist/types/form").Control<{ date: Date; fromCustomerId: string; toCustomerId: string; agreementId: string; senderTransportation: number; receiverTransportation: number; items: { materialId: string; quantity: number; fromBalance: number; to...' is not assignable to type 'import("C:/Users/lenovo/Desktop/stockDo/frontend/node_modules/react-hook-form/dist/types/form").Control<{ date: Date; fromCustomerId: string; toCustomerId: string; agreementId: string; senderTransportation: number; receiverTransportation: number; items: { materialId: string; quantity: number; fromBalance: number; to...'. Two different types with this name exist, but they are unrelated.
  The types of '_options.resolver' are incompatible between these types.
    Type 'import("C:/Users/lenovo/Desktop/stockDo/frontend/node_modules/react-hook-form/dist/types/resolvers").Resolver<{ date: Date; fromCustomerId: string; toCustomerId: string; agreementId: string; senderTransportation: number; receiverTransportation: number; items: { materialId: string; quantity: number; fromBalance: numb...' is not assignable to type 'import("C:/Users/lenovo/Desktop/stockDo/frontend/node_modules/react-hook-form/dist/types/resolvers").Resolver<{ date: Date; fromCustomerId: string; toCustomerId: string; agreementId: string; senderTransportation: number; receiverTransportation: number; items: { materialId: string; quantity: number; fromBalance: numb...'. Two different types with this name exist, but they are unrelated.
      Type 'import("C:/Users/lenovo/Desktop/stockDo/frontend/node_modules/react-hook-form/dist/types/resolvers").Resolver<{ date: Date; fromCustomerId: string; toCustomerId: string; agreementId: string; senderTransportation: number; receiverTransportation: number; items: { materialId: string; quantity: number; fromBalance: numb...' is not assignable to type 'import("C:/Users/lenovo/Desktop/stockDo/frontend/node_modules/react-hook-form/dist/types/resolvers").Resolver<{ date: Date; fromCustomerId: string; toCustomerId: string; agreementId: string; senderTransportation: number; receiverTransportation: number; items: { materialId: string; quantity: number; fromBalance: numb...'. Two different types with this name exist, but they are unrelated.
        Type 'import("C:/Users/lenovo/Desktop/stockDo/frontend/node_modules/react-hook-form/dist/types/resolvers").ResolverResult<{ date: Date; fromCustomerId: string; toCustomerId: string; agreementId: string; senderTransportation: number; receiverTransportation: number; items: { materialId: string; quantity: number; fromBalance...' is not assignable to type 'import("C:/Users/lenovo/Desktop/stockDo/frontend/node_modules/react-hook-form/dist/types/resolvers").ResolverResult<{ date: Date; fromCustomerId: string; toCustomerId: string; agreementId: string; senderTransportation: number; receiverTransportation: number; items: { materialId: string; quantity: number; fromBalance...'. Two different types with this name exist, but they are unrelated.
          Type 'ResolverSuccess<TFieldValues>' is not assignable to type 'ResolverResult<{ date: Date; fromCustomerId: string; toCustomerId: string; agreementId: string; senderTransportation: number; receiverTransportation: number; items: { materialId: string; quantity: number; fromBalance: number; toBalance: number; materialName?: string | undefined; }[]; vehicleNumber?: string | undefin...'.
            Type 'ResolverSuccess<TFieldValues>' is not assignable to type 'ResolverSuccess<{ date: Date; fromCustomerId: string; toCustomerId: string; agreementId: string; senderTransportation: number; receiverTransportation: number; items: { materialId: string; quantity: number; fromBalance: number; toBalance: number; materialName?: string | undefined; }[]; vehicleNumber?: string | undefi...'.
              Type 'TFieldValues' is not assignable to type '{ date: Date; fromCustomerId: string; toCustomerId: string; agreementId: string; senderTransportation: number; receiverTransportation: number; items: { materialId: string; quantity: number; fromBalance: number; toBalance: number; materialName?: string | undefined; }[]; vehicleNumber?: string | undefined; remarks?: s...'.
                Type 'FieldValues' is missing the following properties from type '{ date: Date; fromCustomerId: string; toCustomerId: string; agreementId: string; senderTransportation: number; receiverTransportation: number; items: { materialId: string; quantity: number; fromBalance: number; toBalance: number; materialName?: string | undefined; }[]; vehicleNumber?: string | undefined; remarks?: s...': date, fromCustomerId, toCustomerId, agreementId, and 3 more.
src/app/dashboard/stock/transfer/new/page.tsx(471,37): error TS2719: Type 'import("C:/Users/lenovo/Desktop/stockDo/frontend/node_modules/react-hook-form/dist/types/form").Control<{ date: Date; fromCustomerId: string; toCustomerId: string; agreementId: string; senderTransportation: number; receiverTransportation: number; items: { materialId: string; quantity: number; fromBalance: number; to...' is not assignable to type 'import("C:/Users/lenovo/Desktop/stockDo/frontend/node_modules/react-hook-form/dist/types/form").Control<{ date: Date; fromCustomerId: string; toCustomerId: string; agreementId: string; senderTransportation: number; receiverTransportation: number; items: { materialId: string; quantity: number; fromBalance: number; to...'. Two different types with this name exist, but they are unrelated.
  The types of '_options.resolver' are incompatible between these types.
    Type 'import("C:/Users/lenovo/Desktop/stockDo/frontend/node_modules/react-hook-form/dist/types/resolvers").Resolver<{ date: Date; fromCustomerId: string; toCustomerId: string; agreementId: string; senderTransportation: number; receiverTransportation: number; items: { materialId: string; quantity: number; fromBalance: numb...' is not assignable to type 'import("C:/Users/lenovo/Desktop/stockDo/frontend/node_modules/react-hook-form/dist/types/resolvers").Resolver<{ date: Date; fromCustomerId: string; toCustomerId: string; agreementId: string; senderTransportation: number; receiverTransportation: number; items: { materialId: string; quantity: number; fromBalance: numb...'. Two different types with this name exist, but they are unrelated.
      Type 'import("C:/Users/lenovo/Desktop/stockDo/frontend/node_modules/react-hook-form/dist/types/resolvers").Resolver<{ date: Date; fromCustomerId: string; toCustomerId: string; agreementId: string; senderTransportation: number; receiverTransportation: number; items: { materialId: string; quantity: number; fromBalance: numb...' is not assignable to type 'import("C:/Users/lenovo/Desktop/stockDo/frontend/node_modules/react-hook-form/dist/types/resolvers").Resolver<{ date: Date; fromCustomerId: string; toCustomerId: string; agreementId: string; senderTransportation: number; receiverTransportation: number; items: { materialId: string; quantity: number; fromBalance: numb...'. Two different types with this name exist, but they are unrelated.
        Type 'import("C:/Users/lenovo/Desktop/stockDo/frontend/node_modules/react-hook-form/dist/types/resolvers").ResolverResult<{ date: Date; fromCustomerId: string; toCustomerId: string; agreementId: string; senderTransportation: number; receiverTransportation: number; items: { materialId: string; quantity: number; fromBalance...' is not assignable to type 'import("C:/Users/lenovo/Desktop/stockDo/frontend/node_modules/react-hook-form/dist/types/resolvers").ResolverResult<{ date: Date; fromCustomerId: string; toCustomerId: string; agreementId: string; senderTransportation: number; receiverTransportation: number; items: { materialId: string; quantity: number; fromBalance...'. Two different types with this name exist, but they are unrelated.
          Type 'ResolverSuccess<TFieldValues>' is not assignable to type 'ResolverResult<{ date: Date; fromCustomerId: string; toCustomerId: string; agreementId: string; senderTransportation: number; receiverTransportation: number; items: { materialId: string; quantity: number; fromBalance: number; toBalance: number; materialName?: string | undefined; }[]; vehicleNumber?: string | undefin...'.
            Type 'ResolverSuccess<TFieldValues>' is not assignable to type 'ResolverSuccess<{ date: Date; fromCustomerId: string; toCustomerId: string; agreementId: string; senderTransportation: number; receiverTransportation: number; items: { materialId: string; quantity: number; fromBalance: number; toBalance: number; materialName?: string | undefined; }[]; vehicleNumber?: string | undefi...'.
              Type 'TFieldValues' is not assignable to type '{ date: Date; fromCustomerId: string; toCustomerId: string; agreementId: string; senderTransportation: number; receiverTransportation: number; items: { materialId: string; quantity: number; fromBalance: number; toBalance: number; materialName?: string | undefined; }[]; vehicleNumber?: string | undefined; remarks?: s...'.
                Type 'FieldValues' is missing the following properties from type '{ date: Date; fromCustomerId: string; toCustomerId: string; agreementId: string; senderTransportation: number; receiverTransportation: number; items: { materialId: string; quantity: number; fromBalance: number; toBalance: number; materialName?: string | undefined; }[]; vehicleNumber?: string | undefined; remarks?: s...': date, fromCustomerId, toCustomerId, agreementId, and 3 more.
src/app/dashboard/stock/transfer/new/page.tsx(484,37): error TS2719: Type 'import("C:/Users/lenovo/Desktop/stockDo/frontend/node_modules/react-hook-form/dist/types/form").Control<{ date: Date; fromCustomerId: string; toCustomerId: string; agreementId: string; senderTransportation: number; receiverTransportation: number; items: { materialId: string; quantity: number; fromBalance: number; to...' is not assignable to type 'import("C:/Users/lenovo/Desktop/stockDo/frontend/node_modules/react-hook-form/dist/types/form").Control<{ date: Date; fromCustomerId: string; toCustomerId: string; agreementId: string; senderTransportation: number; receiverTransportation: number; items: { materialId: string; quantity: number; fromBalance: number; to...'. Two different types with this name exist, but they are unrelated.
  The types of '_options.resolver' are incompatible between these types.
    Type 'import("C:/Users/lenovo/Desktop/stockDo/frontend/node_modules/react-hook-form/dist/types/resolvers").Resolver<{ date: Date; fromCustomerId: string; toCustomerId: string; agreementId: string; senderTransportation: number; receiverTransportation: number; items: { materialId: string; quantity: number; fromBalance: numb...' is not assignable to type 'import("C:/Users/lenovo/Desktop/stockDo/frontend/node_modules/react-hook-form/dist/types/resolvers").Resolver<{ date: Date; fromCustomerId: string; toCustomerId: string; agreementId: string; senderTransportation: number; receiverTransportation: number; items: { materialId: string; quantity: number; fromBalance: numb...'. Two different types with this name exist, but they are unrelated.
      Type 'import("C:/Users/lenovo/Desktop/stockDo/frontend/node_modules/react-hook-form/dist/types/resolvers").Resolver<{ date: Date; fromCustomerId: string; toCustomerId: string; agreementId: string; senderTransportation: number; receiverTransportation: number; items: { materialId: string; quantity: number; fromBalance: numb...' is not assignable to type 'import("C:/Users/lenovo/Desktop/stockDo/frontend/node_modules/react-hook-form/dist/types/resolvers").Resolver<{ date: Date; fromCustomerId: string; toCustomerId: string; agreementId: string; senderTransportation: number; receiverTransportation: number; items: { materialId: string; quantity: number; fromBalance: numb...'. Two different types with this name exist, but they are unrelated.
        Type 'import("C:/Users/lenovo/Desktop/stockDo/frontend/node_modules/react-hook-form/dist/types/resolvers").ResolverResult<{ date: Date; fromCustomerId: string; toCustomerId: string; agreementId: string; senderTransportation: number; receiverTransportation: number; items: { materialId: string; quantity: number; fromBalance...' is not assignable to type 'import("C:/Users/lenovo/Desktop/stockDo/frontend/node_modules/react-hook-form/dist/types/resolvers").ResolverResult<{ date: Date; fromCustomerId: string; toCustomerId: string; agreementId: string; senderTransportation: number; receiverTransportation: number; items: { materialId: string; quantity: number; fromBalance...'. Two different types with this name exist, but they are unrelated.
          Type 'ResolverSuccess<TFieldValues>' is not assignable to type 'ResolverResult<{ date: Date; fromCustomerId: string; toCustomerId: string; agreementId: string; senderTransportation: number; receiverTransportation: number; items: { materialId: string; quantity: number; fromBalance: number; toBalance: number; materialName?: string | undefined; }[]; vehicleNumber?: string | undefin...'.
            Type 'ResolverSuccess<TFieldValues>' is not assignable to type 'ResolverSuccess<{ date: Date; fromCustomerId: string; toCustomerId: string; agreementId: string; senderTransportation: number; receiverTransportation: number; items: { materialId: string; quantity: number; fromBalance: number; toBalance: number; materialName?: string | undefined; }[]; vehicleNumber?: string | undefi...'.
              Type 'TFieldValues' is not assignable to type '{ date: Date; fromCustomerId: string; toCustomerId: string; agreementId: string; senderTransportation: number; receiverTransportation: number; items: { materialId: string; quantity: number; fromBalance: number; toBalance: number; materialName?: string | undefined; }[]; vehicleNumber?: string | undefined; remarks?: s...'.
                Type 'FieldValues' is missing the following properties from type '{ date: Date; fromCustomerId: string; toCustomerId: string; agreementId: string; senderTransportation: number; receiverTransportation: number; items: { materialId: string; quantity: number; fromBalance: number; toBalance: number; materialName?: string | undefined; }[]; vehicleNumber?: string | undefined; remarks?: s...': date, fromCustomerId, toCustomerId, agreementId, and 3 more.
