src/app/dashboard/agreement/create/page.tsx(74,9): error TS2322: Type 'Resolver<{ customerId: string; validFrom: Date; minimumRentPeriod: number; items: { materialId: string; hireRate: number; damageRecoveryRate: number; shortRecoveryRate: number; rateAppliedAs: string; }[]; siteAddress?: string | undefined; residenceAddress?: string | undefined; authorizedRepresentative?: string | und...' is not assignable to type 'Resolver<{ customerId: string; validFrom: Date; minimumRentPeriod: number; status: string; items: { materialId: string; hireRate: number; damageRecoveryRate: number; shortRecoveryRate: number; rateAppliedAs: string; }[]; siteAddress?: string | undefined; residenceAddress?: string | undefined; authorizedRepresentativ...'.
  Types of parameters 'options' and 'options' are incompatible.
    Type 'ResolverOptions<{ customerId: string; validFrom: Date; minimumRentPeriod: number; status: string; items: { materialId: string; hireRate: number; damageRecoveryRate: number; shortRecoveryRate: number; rateAppliedAs: string; }[]; siteAddress?: string | undefined; residenceAddress?: string | undefined; authorizedRepres...' is not assignable to type 'ResolverOptions<{ customerId: string; validFrom: Date; minimumRentPeriod: number; items: { materialId: string; hireRate: number; damageRecoveryRate: number; shortRecoveryRate: number; rateAppliedAs: string; }[]; siteAddress?: string | undefined; residenceAddress?: string | undefined; authorizedRepresentative?: strin...'.
      Type 'string | undefined' is not assignable to type 'string'.
        Type 'undefined' is not assignable to type 'string'.
src/app/dashboard/agreement/create/page.tsx(191,51): error TS2345: Argument of type '(data: AgreementFormValues) => Promise<void>' is not assignable to parameter of type 'SubmitHandler<TFieldValues>'.
  Types of parameters 'data' and 'data' are incompatible.
    Type 'TFieldValues' is not assignable to type '{ customerId: string; validFrom: Date; minimumRentPeriod: number; status: string; items: { materialId: string; hireRate: number; damageRecoveryRate: number; shortRecoveryRate: number; rateAppliedAs: string; }[]; siteAddress?: string | undefined; residenceAddress?: string | undefined; authorizedRepresentative?: strin...'.
      Type 'FieldValues' is missing the following properties from type '{ customerId: string; validFrom: Date; minimumRentPeriod: number; status: string; items: { materialId: string; hireRate: number; damageRecoveryRate: number; shortRecoveryRate: number; rateAppliedAs: string; }[]; siteAddress?: string | undefined; residenceAddress?: string | undefined; authorizedRepresentative?: strin...': customerId, validFrom, minimumRentPeriod, status, items
src/app/dashboard/agreement/create/page.tsx(194,29): error TS2719: Type 'import("C:/Users/lenovo/Desktop/stockDo/frontend/node_modules/react-hook-form/dist/types/form").Control<{ customerId: string; validFrom: Date; minimumRentPeriod: number; status: string; items: { materialId: string; hireRate: number; damageRecoveryRate: number; shortRecoveryRate: number; rateAppliedAs: string; }[]; s...' is not assignable to type 'import("C:/Users/lenovo/Desktop/stockDo/frontend/node_modules/react-hook-form/dist/types/form").Control<{ customerId: string; validFrom: Date; minimumRentPeriod: number; status: string; items: { materialId: string; hireRate: number; damageRecoveryRate: number; shortRecoveryRate: number; rateAppliedAs: string; }[]; s...'. Two different types with this name exist, but they are unrelated.
  The types of '_options.resolver' are incompatible between these types.
    Type 'import("C:/Users/lenovo/Desktop/stockDo/frontend/node_modules/react-hook-form/dist/types/resolvers").Resolver<{ customerId: string; validFrom: Date; minimumRentPeriod: number; status: string; items: { materialId: string; hireRate: number; damageRecoveryRate: number; shortRecoveryRate: number; rateAppliedAs: string; ...' is not assignable to type 'import("C:/Users/lenovo/Desktop/stockDo/frontend/node_modules/react-hook-form/dist/types/resolvers").Resolver<{ customerId: string; validFrom: Date; minimumRentPeriod: number; status: string; items: { materialId: string; hireRate: number; damageRecoveryRate: number; shortRecoveryRate: number; rateAppliedAs: string; ...'. Two different types with this name exist, but they are unrelated.
      Type 'import("C:/Users/lenovo/Desktop/stockDo/frontend/node_modules/react-hook-form/dist/types/resolvers").Resolver<{ customerId: string; validFrom: Date; minimumRentPeriod: number; status: string; items: { materialId: string; hireRate: number; damageRecoveryRate: number; shortRecoveryRate: number; rateAppliedAs: string; ...' is not assignable to type 'import("C:/Users/lenovo/Desktop/stockDo/frontend/node_modules/react-hook-form/dist/types/resolvers").Resolver<{ customerId: string; validFrom: Date; minimumRentPeriod: number; status: string; items: { materialId: string; hireRate: number; damageRecoveryRate: number; shortRecoveryRate: number; rateAppliedAs: string; ...'. Two different types with this name exist, but they are unrelated.
        Type 'import("C:/Users/lenovo/Desktop/stockDo/frontend/node_modules/react-hook-form/dist/types/resolvers").ResolverResult<{ customerId: string; validFrom: Date; minimumRentPeriod: number; status: string; items: { materialId: string; hireRate: number; damageRecoveryRate: number; shortRecoveryRate: number; rateAppliedAs: st...' is not assignable to type 'import("C:/Users/lenovo/Desktop/stockDo/frontend/node_modules/react-hook-form/dist/types/resolvers").ResolverResult<{ customerId: string; validFrom: Date; minimumRentPeriod: number; status: string; items: { materialId: string; hireRate: number; damageRecoveryRate: number; shortRecoveryRate: number; rateAppliedAs: st...'. Two different types with this name exist, but they are unrelated.
          Type 'ResolverSuccess<TFieldValues>' is not assignable to type 'ResolverResult<{ customerId: string; validFrom: Date; minimumRentPeriod: number; status: string; items: { materialId: string; hireRate: number; damageRecoveryRate: number; shortRecoveryRate: number; rateAppliedAs: string; }[]; siteAddress?: string | undefined; residenceAddress?: string | undefined; authorizedReprese...'.
            Type 'ResolverSuccess<TFieldValues>' is not assignable to type 'ResolverSuccess<{ customerId: string; validFrom: Date; minimumRentPeriod: number; status: string; items: { materialId: string; hireRate: number; damageRecoveryRate: number; shortRecoveryRate: number; rateAppliedAs: string; }[]; siteAddress?: string | undefined; residenceAddress?: string | undefined; authorizedRepres...'.
              Type 'TFieldValues' is not assignable to type '{ customerId: string; validFrom: Date; minimumRentPeriod: number; status: string; items: { materialId: string; hireRate: number; damageRecoveryRate: number; shortRecoveryRate: number; rateAppliedAs: string; }[]; siteAddress?: string | undefined; residenceAddress?: string | undefined; authorizedRepresentative?: strin...'.
                Type 'FieldValues' is missing the following properties from type '{ customerId: string; validFrom: Date; minimumRentPeriod: number; status: string; items: { materialId: string; hireRate: number; damageRecoveryRate: number; shortRecoveryRate: number; rateAppliedAs: string; }[]; siteAddress?: string | undefined; residenceAddress?: string | undefined; authorizedRepresentative?: strin...': customerId, validFrom, minimumRentPeriod, status, items
src/app/dashboard/agreement/create/page.tsx(222,29): error TS2719: Type 'import("C:/Users/lenovo/Desktop/stockDo/frontend/node_modules/react-hook-form/dist/types/form").Control<{ customerId: string; validFrom: Date; minimumRentPeriod: number; status: string; items: { materialId: string; hireRate: number; damageRecoveryRate: number; shortRecoveryRate: number; rateAppliedAs: string; }[]; s...' is not assignable to type 'import("C:/Users/lenovo/Desktop/stockDo/frontend/node_modules/react-hook-form/dist/types/form").Control<{ customerId: string; validFrom: Date; minimumRentPeriod: number; status: string; items: { materialId: string; hireRate: number; damageRecoveryRate: number; shortRecoveryRate: number; rateAppliedAs: string; }[]; s...'. Two different types with this name exist, but they are unrelated.
  The types of '_options.resolver' are incompatible between these types.
    Type 'import("C:/Users/lenovo/Desktop/stockDo/frontend/node_modules/react-hook-form/dist/types/resolvers").Resolver<{ customerId: string; validFrom: Date; minimumRentPeriod: number; status: string; items: { materialId: string; hireRate: number; damageRecoveryRate: number; shortRecoveryRate: number; rateAppliedAs: string; ...' is not assignable to type 'import("C:/Users/lenovo/Desktop/stockDo/frontend/node_modules/react-hook-form/dist/types/resolvers").Resolver<{ customerId: string; validFrom: Date; minimumRentPeriod: number; status: string; items: { materialId: string; hireRate: number; damageRecoveryRate: number; shortRecoveryRate: number; rateAppliedAs: string; ...'. Two different types with this name exist, but they are unrelated.
      Type 'import("C:/Users/lenovo/Desktop/stockDo/frontend/node_modules/react-hook-form/dist/types/resolvers").Resolver<{ customerId: string; validFrom: Date; minimumRentPeriod: number; status: string; items: { materialId: string; hireRate: number; damageRecoveryRate: number; shortRecoveryRate: number; rateAppliedAs: string; ...' is not assignable to type 'import("C:/Users/lenovo/Desktop/stockDo/frontend/node_modules/react-hook-form/dist/types/resolvers").Resolver<{ customerId: string; validFrom: Date; minimumRentPeriod: number; status: string; items: { materialId: string; hireRate: number; damageRecoveryRate: number; shortRecoveryRate: number; rateAppliedAs: string; ...'. Two different types with this name exist, but they are unrelated.
        Type 'import("C:/Users/lenovo/Desktop/stockDo/frontend/node_modules/react-hook-form/dist/types/resolvers").ResolverResult<{ customerId: string; validFrom: Date; minimumRentPeriod: number; status: string; items: { materialId: string; hireRate: number; damageRecoveryRate: number; shortRecoveryRate: number; rateAppliedAs: st...' is not assignable to type 'import("C:/Users/lenovo/Desktop/stockDo/frontend/node_modules/react-hook-form/dist/types/resolvers").ResolverResult<{ customerId: string; validFrom: Date; minimumRentPeriod: number; status: string; items: { materialId: string; hireRate: number; damageRecoveryRate: number; shortRecoveryRate: number; rateAppliedAs: st...'. Two different types with this name exist, but they are unrelated.
          Type 'ResolverSuccess<TFieldValues>' is not assignable to type 'ResolverResult<{ customerId: string; validFrom: Date; minimumRentPeriod: number; status: string; items: { materialId: string; hireRate: number; damageRecoveryRate: number; shortRecoveryRate: number; rateAppliedAs: string; }[]; siteAddress?: string | undefined; residenceAddress?: string | undefined; authorizedReprese...'.
            Type 'ResolverSuccess<TFieldValues>' is not assignable to type 'ResolverSuccess<{ customerId: string; validFrom: Date; minimumRentPeriod: number; status: string; items: { materialId: string; hireRate: number; damageRecoveryRate: number; shortRecoveryRate: number; rateAppliedAs: string; }[]; siteAddress?: string | undefined; residenceAddress?: string | undefined; authorizedRepres...'.
              Type 'TFieldValues' is not assignable to type '{ customerId: string; validFrom: Date; minimumRentPeriod: number; status: string; items: { materialId: string; hireRate: number; damageRecoveryRate: number; shortRecoveryRate: number; rateAppliedAs: string; }[]; siteAddress?: string | undefined; residenceAddress?: string | undefined; authorizedRepresentative?: strin...'.
                Type 'FieldValues' is missing the following properties from type '{ customerId: string; validFrom: Date; minimumRentPeriod: number; status: string; items: { materialId: string; hireRate: number; damageRecoveryRate: number; shortRecoveryRate: number; rateAppliedAs: string; }[]; siteAddress?: string | undefined; residenceAddress?: string | undefined; authorizedRepresentative?: strin...': customerId, validFrom, minimumRentPeriod, status, items
src/app/dashboard/agreement/create/page.tsx(264,29): error TS2719: Type 'import("C:/Users/lenovo/Desktop/stockDo/frontend/node_modules/react-hook-form/dist/types/form").Control<{ customerId: string; validFrom: Date; minimumRentPeriod: number; status: string; items: { materialId: string; hireRate: number; damageRecoveryRate: number; shortRecoveryRate: number; rateAppliedAs: string; }[]; s...' is not assignable to type 'import("C:/Users/lenovo/Desktop/stockDo/frontend/node_modules/react-hook-form/dist/types/form").Control<{ customerId: string; validFrom: Date; minimumRentPeriod: number; status: string; items: { materialId: string; hireRate: number; damageRecoveryRate: number; shortRecoveryRate: number; rateAppliedAs: string; }[]; s...'. Two different types with this name exist, but they are unrelated.
  The types of '_options.resolver' are incompatible between these types.
    Type 'import("C:/Users/lenovo/Desktop/stockDo/frontend/node_modules/react-hook-form/dist/types/resolvers").Resolver<{ customerId: string; validFrom: Date; minimumRentPeriod: number; status: string; items: { materialId: string; hireRate: number; damageRecoveryRate: number; shortRecoveryRate: number; rateAppliedAs: string; ...' is not assignable to type 'import("C:/Users/lenovo/Desktop/stockDo/frontend/node_modules/react-hook-form/dist/types/resolvers").Resolver<{ customerId: string; validFrom: Date; minimumRentPeriod: number; status: string; items: { materialId: string; hireRate: number; damageRecoveryRate: number; shortRecoveryRate: number; rateAppliedAs: string; ...'. Two different types with this name exist, but they are unrelated.
      Type 'import("C:/Users/lenovo/Desktop/stockDo/frontend/node_modules/react-hook-form/dist/types/resolvers").Resolver<{ customerId: string; validFrom: Date; minimumRentPeriod: number; status: string; items: { materialId: string; hireRate: number; damageRecoveryRate: number; shortRecoveryRate: number; rateAppliedAs: string; ...' is not assignable to type 'import("C:/Users/lenovo/Desktop/stockDo/frontend/node_modules/react-hook-form/dist/types/resolvers").Resolver<{ customerId: string; validFrom: Date; minimumRentPeriod: number; status: string; items: { materialId: string; hireRate: number; damageRecoveryRate: number; shortRecoveryRate: number; rateAppliedAs: string; ...'. Two different types with this name exist, but they are unrelated.
        Type 'import("C:/Users/lenovo/Desktop/stockDo/frontend/node_modules/react-hook-form/dist/types/resolvers").ResolverResult<{ customerId: string; validFrom: Date; minimumRentPeriod: number; status: string; items: { materialId: string; hireRate: number; damageRecoveryRate: number; shortRecoveryRate: number; rateAppliedAs: st...' is not assignable to type 'import("C:/Users/lenovo/Desktop/stockDo/frontend/node_modules/react-hook-form/dist/types/resolvers").ResolverResult<{ customerId: string; validFrom: Date; minimumRentPeriod: number; status: string; items: { materialId: string; hireRate: number; damageRecoveryRate: number; shortRecoveryRate: number; rateAppliedAs: st...'. Two different types with this name exist, but they are unrelated.
          Type 'ResolverSuccess<TFieldValues>' is not assignable to type 'ResolverResult<{ customerId: string; validFrom: Date; minimumRentPeriod: number; status: string; items: { materialId: string; hireRate: number; damageRecoveryRate: number; shortRecoveryRate: number; rateAppliedAs: string; }[]; siteAddress?: string | undefined; residenceAddress?: string | undefined; authorizedReprese...'.
            Type 'ResolverSuccess<TFieldValues>' is not assignable to type 'ResolverSuccess<{ customerId: string; validFrom: Date; minimumRentPeriod: number; status: string; items: { materialId: string; hireRate: number; damageRecoveryRate: number; shortRecoveryRate: number; rateAppliedAs: string; }[]; siteAddress?: string | undefined; residenceAddress?: string | undefined; authorizedRepres...'.
              Type 'TFieldValues' is not assignable to type '{ customerId: string; validFrom: Date; minimumRentPeriod: number; status: string; items: { materialId: string; hireRate: number; damageRecoveryRate: number; shortRecoveryRate: number; rateAppliedAs: string; }[]; siteAddress?: string | undefined; residenceAddress?: string | undefined; authorizedRepresentative?: strin...'.
                Type 'FieldValues' is missing the following properties from type '{ customerId: string; validFrom: Date; minimumRentPeriod: number; status: string; items: { materialId: string; hireRate: number; damageRecoveryRate: number; shortRecoveryRate: number; rateAppliedAs: string; }[]; siteAddress?: string | undefined; residenceAddress?: string | undefined; authorizedRepresentative?: strin...': customerId, validFrom, minimumRentPeriod, status, items
src/app/dashboard/agreement/create/page.tsx(282,29): error TS2719: Type 'import("C:/Users/lenovo/Desktop/stockDo/frontend/node_modules/react-hook-form/dist/types/form").Control<{ customerId: string; validFrom: Date; minimumRentPeriod: number; status: string; items: { materialId: string; hireRate: number; damageRecoveryRate: number; shortRecoveryRate: number; rateAppliedAs: string; }[]; s...' is not assignable to type 'import("C:/Users/lenovo/Desktop/stockDo/frontend/node_modules/react-hook-form/dist/types/form").Control<{ customerId: string; validFrom: Date; minimumRentPeriod: number; status: string; items: { materialId: string; hireRate: number; damageRecoveryRate: number; shortRecoveryRate: number; rateAppliedAs: string; }[]; s...'. Two different types with this name exist, but they are unrelated.
  The types of '_options.resolver' are incompatible between these types.
    Type 'import("C:/Users/lenovo/Desktop/stockDo/frontend/node_modules/react-hook-form/dist/types/resolvers").Resolver<{ customerId: string; validFrom: Date; minimumRentPeriod: number; status: string; items: { materialId: string; hireRate: number; damageRecoveryRate: number; shortRecoveryRate: number; rateAppliedAs: string; ...' is not assignable to type 'import("C:/Users/lenovo/Desktop/stockDo/frontend/node_modules/react-hook-form/dist/types/resolvers").Resolver<{ customerId: string; validFrom: Date; minimumRentPeriod: number; status: string; items: { materialId: string; hireRate: number; damageRecoveryRate: number; shortRecoveryRate: number; rateAppliedAs: string; ...'. Two different types with this name exist, but they are unrelated.
      Type 'import("C:/Users/lenovo/Desktop/stockDo/frontend/node_modules/react-hook-form/dist/types/resolvers").Resolver<{ customerId: string; validFrom: Date; minimumRentPeriod: number; status: string; items: { materialId: string; hireRate: number; damageRecoveryRate: number; shortRecoveryRate: number; rateAppliedAs: string; ...' is not assignable to type 'import("C:/Users/lenovo/Desktop/stockDo/frontend/node_modules/react-hook-form/dist/types/resolvers").Resolver<{ customerId: string; validFrom: Date; minimumRentPeriod: number; status: string; items: { materialId: string; hireRate: number; damageRecoveryRate: number; shortRecoveryRate: number; rateAppliedAs: string; ...'. Two different types with this name exist, but they are unrelated.
        Type 'import("C:/Users/lenovo/Desktop/stockDo/frontend/node_modules/react-hook-form/dist/types/resolvers").ResolverResult<{ customerId: string; validFrom: Date; minimumRentPeriod: number; status: string; items: { materialId: string; hireRate: number; damageRecoveryRate: number; shortRecoveryRate: number; rateAppliedAs: st...' is not assignable to type 'import("C:/Users/lenovo/Desktop/stockDo/frontend/node_modules/react-hook-form/dist/types/resolvers").ResolverResult<{ customerId: string; validFrom: Date; minimumRentPeriod: number; status: string; items: { materialId: string; hireRate: number; damageRecoveryRate: number; shortRecoveryRate: number; rateAppliedAs: st...'. Two different types with this name exist, but they are unrelated.
          Type 'ResolverSuccess<TFieldValues>' is not assignable to type 'ResolverResult<{ customerId: string; validFrom: Date; minimumRentPeriod: number; status: string; items: { materialId: string; hireRate: number; damageRecoveryRate: number; shortRecoveryRate: number; rateAppliedAs: string; }[]; siteAddress?: string | undefined; residenceAddress?: string | undefined; authorizedReprese...'.
            Type 'ResolverSuccess<TFieldValues>' is not assignable to type 'ResolverSuccess<{ customerId: string; validFrom: Date; minimumRentPeriod: number; status: string; items: { materialId: string; hireRate: number; damageRecoveryRate: number; shortRecoveryRate: number; rateAppliedAs: string; }[]; siteAddress?: string | undefined; residenceAddress?: string | undefined; authorizedRepres...'.
              Type 'TFieldValues' is not assignable to type '{ customerId: string; validFrom: Date; minimumRentPeriod: number; status: string; items: { materialId: string; hireRate: number; damageRecoveryRate: number; shortRecoveryRate: number; rateAppliedAs: string; }[]; siteAddress?: string | undefined; residenceAddress?: string | undefined; authorizedRepresentative?: strin...'.
                Type 'FieldValues' is missing the following properties from type '{ customerId: string; validFrom: Date; minimumRentPeriod: number; status: string; items: { materialId: string; hireRate: number; damageRecoveryRate: number; shortRecoveryRate: number; rateAppliedAs: string; }[]; siteAddress?: string | undefined; residenceAddress?: string | undefined; authorizedRepresentative?: strin...': customerId, validFrom, minimumRentPeriod, status, items
src/app/dashboard/agreement/create/page.tsx(296,29): error TS2719: Type 'import("C:/Users/lenovo/Desktop/stockDo/frontend/node_modules/react-hook-form/dist/types/form").Control<{ customerId: string; validFrom: Date; minimumRentPeriod: number; status: string; items: { materialId: string; hireRate: number; damageRecoveryRate: number; shortRecoveryRate: number; rateAppliedAs: string; }[]; s...' is not assignable to type 'import("C:/Users/lenovo/Desktop/stockDo/frontend/node_modules/react-hook-form/dist/types/form").Control<{ customerId: string; validFrom: Date; minimumRentPeriod: number; status: string; items: { materialId: string; hireRate: number; damageRecoveryRate: number; shortRecoveryRate: number; rateAppliedAs: string; }[]; s...'. Two different types with this name exist, but they are unrelated.
  The types of '_options.resolver' are incompatible between these types.
    Type 'import("C:/Users/lenovo/Desktop/stockDo/frontend/node_modules/react-hook-form/dist/types/resolvers").Resolver<{ customerId: string; validFrom: Date; minimumRentPeriod: number; status: string; items: { materialId: string; hireRate: number; damageRecoveryRate: number; shortRecoveryRate: number; rateAppliedAs: string; ...' is not assignable to type 'import("C:/Users/lenovo/Desktop/stockDo/frontend/node_modules/react-hook-form/dist/types/resolvers").Resolver<{ customerId: string; validFrom: Date; minimumRentPeriod: number; status: string; items: { materialId: string; hireRate: number; damageRecoveryRate: number; shortRecoveryRate: number; rateAppliedAs: string; ...'. Two different types with this name exist, but they are unrelated.
      Type 'import("C:/Users/lenovo/Desktop/stockDo/frontend/node_modules/react-hook-form/dist/types/resolvers").Resolver<{ customerId: string; validFrom: Date; minimumRentPeriod: number; status: string; items: { materialId: string; hireRate: number; damageRecoveryRate: number; shortRecoveryRate: number; rateAppliedAs: string; ...' is not assignable to type 'import("C:/Users/lenovo/Desktop/stockDo/frontend/node_modules/react-hook-form/dist/types/resolvers").Resolver<{ customerId: string; validFrom: Date; minimumRentPeriod: number; status: string; items: { materialId: string; hireRate: number; damageRecoveryRate: number; shortRecoveryRate: number; rateAppliedAs: string; ...'. Two different types with this name exist, but they are unrelated.
        Type 'import("C:/Users/lenovo/Desktop/stockDo/frontend/node_modules/react-hook-form/dist/types/resolvers").ResolverResult<{ customerId: string; validFrom: Date; minimumRentPeriod: number; status: string; items: { materialId: string; hireRate: number; damageRecoveryRate: number; shortRecoveryRate: number; rateAppliedAs: st...' is not assignable to type 'import("C:/Users/lenovo/Desktop/stockDo/frontend/node_modules/react-hook-form/dist/types/resolvers").ResolverResult<{ customerId: string; validFrom: Date; minimumRentPeriod: number; status: string; items: { materialId: string; hireRate: number; damageRecoveryRate: number; shortRecoveryRate: number; rateAppliedAs: st...'. Two different types with this name exist, but they are unrelated.
          Type 'ResolverSuccess<TFieldValues>' is not assignable to type 'ResolverResult<{ customerId: string; validFrom: Date; minimumRentPeriod: number; status: string; items: { materialId: string; hireRate: number; damageRecoveryRate: number; shortRecoveryRate: number; rateAppliedAs: string; }[]; siteAddress?: string | undefined; residenceAddress?: string | undefined; authorizedReprese...'.
            Type 'ResolverSuccess<TFieldValues>' is not assignable to type 'ResolverSuccess<{ customerId: string; validFrom: Date; minimumRentPeriod: number; status: string; items: { materialId: string; hireRate: number; damageRecoveryRate: number; shortRecoveryRate: number; rateAppliedAs: string; }[]; siteAddress?: string | undefined; residenceAddress?: string | undefined; authorizedRepres...'.
              Type 'TFieldValues' is not assignable to type '{ customerId: string; validFrom: Date; minimumRentPeriod: number; status: string; items: { materialId: string; hireRate: number; damageRecoveryRate: number; shortRecoveryRate: number; rateAppliedAs: string; }[]; siteAddress?: string | undefined; residenceAddress?: string | undefined; authorizedRepresentative?: strin...'.
                Type 'FieldValues' is missing the following properties from type '{ customerId: string; validFrom: Date; minimumRentPeriod: number; status: string; items: { materialId: string; hireRate: number; damageRecoveryRate: number; shortRecoveryRate: number; rateAppliedAs: string; }[]; siteAddress?: string | undefined; residenceAddress?: string | undefined; authorizedRepresentative?: strin...': customerId, validFrom, minimumRentPeriod, status, items
src/app/dashboard/agreement/create/page.tsx(310,29): error TS2719: Type 'import("C:/Users/lenovo/Desktop/stockDo/frontend/node_modules/react-hook-form/dist/types/form").Control<{ customerId: string; validFrom: Date; minimumRentPeriod: number; status: string; items: { materialId: string; hireRate: number; damageRecoveryRate: number; shortRecoveryRate: number; rateAppliedAs: string; }[]; s...' is not assignable to type 'import("C:/Users/lenovo/Desktop/stockDo/frontend/node_modules/react-hook-form/dist/types/form").Control<{ customerId: string; validFrom: Date; minimumRentPeriod: number; status: string; items: { materialId: string; hireRate: number; damageRecoveryRate: number; shortRecoveryRate: number; rateAppliedAs: string; }[]; s...'. Two different types with this name exist, but they are unrelated.
  The types of '_options.resolver' are incompatible between these types.
    Type 'import("C:/Users/lenovo/Desktop/stockDo/frontend/node_modules/react-hook-form/dist/types/resolvers").Resolver<{ customerId: string; validFrom: Date; minimumRentPeriod: number; status: string; items: { materialId: string; hireRate: number; damageRecoveryRate: number; shortRecoveryRate: number; rateAppliedAs: string; ...' is not assignable to type 'import("C:/Users/lenovo/Desktop/stockDo/frontend/node_modules/react-hook-form/dist/types/resolvers").Resolver<{ customerId: string; validFrom: Date; minimumRentPeriod: number; status: string; items: { materialId: string; hireRate: number; damageRecoveryRate: number; shortRecoveryRate: number; rateAppliedAs: string; ...'. Two different types with this name exist, but they are unrelated.
      Type 'import("C:/Users/lenovo/Desktop/stockDo/frontend/node_modules/react-hook-form/dist/types/resolvers").Resolver<{ customerId: string; validFrom: Date; minimumRentPeriod: number; status: string; items: { materialId: string; hireRate: number; damageRecoveryRate: number; shortRecoveryRate: number; rateAppliedAs: string; ...' is not assignable to type 'import("C:/Users/lenovo/Desktop/stockDo/frontend/node_modules/react-hook-form/dist/types/resolvers").Resolver<{ customerId: string; validFrom: Date; minimumRentPeriod: number; status: string; items: { materialId: string; hireRate: number; damageRecoveryRate: number; shortRecoveryRate: number; rateAppliedAs: string; ...'. Two different types with this name exist, but they are unrelated.
        Type 'import("C:/Users/lenovo/Desktop/stockDo/frontend/node_modules/react-hook-form/dist/types/resolvers").ResolverResult<{ customerId: string; validFrom: Date; minimumRentPeriod: number; status: string; items: { materialId: string; hireRate: number; damageRecoveryRate: number; shortRecoveryRate: number; rateAppliedAs: st...' is not assignable to type 'import("C:/Users/lenovo/Desktop/stockDo/frontend/node_modules/react-hook-form/dist/types/resolvers").ResolverResult<{ customerId: string; validFrom: Date; minimumRentPeriod: number; status: string; items: { materialId: string; hireRate: number; damageRecoveryRate: number; shortRecoveryRate: number; rateAppliedAs: st...'. Two different types with this name exist, but they are unrelated.
          Type 'ResolverSuccess<TFieldValues>' is not assignable to type 'ResolverResult<{ customerId: string; validFrom: Date; minimumRentPeriod: number; status: string; items: { materialId: string; hireRate: number; damageRecoveryRate: number; shortRecoveryRate: number; rateAppliedAs: string; }[]; siteAddress?: string | undefined; residenceAddress?: string | undefined; authorizedReprese...'.
            Type 'ResolverSuccess<TFieldValues>' is not assignable to type 'ResolverSuccess<{ customerId: string; validFrom: Date; minimumRentPeriod: number; status: string; items: { materialId: string; hireRate: number; damageRecoveryRate: number; shortRecoveryRate: number; rateAppliedAs: string; }[]; siteAddress?: string | undefined; residenceAddress?: string | undefined; authorizedRepres...'.
              Type 'TFieldValues' is not assignable to type '{ customerId: string; validFrom: Date; minimumRentPeriod: number; status: string; items: { materialId: string; hireRate: number; damageRecoveryRate: number; shortRecoveryRate: number; rateAppliedAs: string; }[]; siteAddress?: string | undefined; residenceAddress?: string | undefined; authorizedRepresentative?: strin...'.
                Type 'FieldValues' is missing the following properties from type '{ customerId: string; validFrom: Date; minimumRentPeriod: number; status: string; items: { materialId: string; hireRate: number; damageRecoveryRate: number; shortRecoveryRate: number; rateAppliedAs: string; }[]; siteAddress?: string | undefined; residenceAddress?: string | undefined; authorizedRepresentative?: strin...': customerId, validFrom, minimumRentPeriod, status, items
src/app/dashboard/agreement/create/page.tsx(361,57): error TS2719: Type 'import("C:/Users/lenovo/Desktop/stockDo/frontend/node_modules/react-hook-form/dist/types/form").Control<{ customerId: string; validFrom: Date; minimumRentPeriod: number; status: string; items: { materialId: string; hireRate: number; damageRecoveryRate: number; shortRecoveryRate: number; rateAppliedAs: string; }[]; s...' is not assignable to type 'import("C:/Users/lenovo/Desktop/stockDo/frontend/node_modules/react-hook-form/dist/types/form").Control<{ customerId: string; validFrom: Date; minimumRentPeriod: number; status: string; items: { materialId: string; hireRate: number; damageRecoveryRate: number; shortRecoveryRate: number; rateAppliedAs: string; }[]; s...'. Two different types with this name exist, but they are unrelated.
  The types of '_options.resolver' are incompatible between these types.
    Type 'import("C:/Users/lenovo/Desktop/stockDo/frontend/node_modules/react-hook-form/dist/types/resolvers").Resolver<{ customerId: string; validFrom: Date; minimumRentPeriod: number; status: string; items: { materialId: string; hireRate: number; damageRecoveryRate: number; shortRecoveryRate: number; rateAppliedAs: string; ...' is not assignable to type 'import("C:/Users/lenovo/Desktop/stockDo/frontend/node_modules/react-hook-form/dist/types/resolvers").Resolver<{ customerId: string; validFrom: Date; minimumRentPeriod: number; status: string; items: { materialId: string; hireRate: number; damageRecoveryRate: number; shortRecoveryRate: number; rateAppliedAs: string; ...'. Two different types with this name exist, but they are unrelated.
      Type 'import("C:/Users/lenovo/Desktop/stockDo/frontend/node_modules/react-hook-form/dist/types/resolvers").Resolver<{ customerId: string; validFrom: Date; minimumRentPeriod: number; status: string; items: { materialId: string; hireRate: number; damageRecoveryRate: number; shortRecoveryRate: number; rateAppliedAs: string; ...' is not assignable to type 'import("C:/Users/lenovo/Desktop/stockDo/frontend/node_modules/react-hook-form/dist/types/resolvers").Resolver<{ customerId: string; validFrom: Date; minimumRentPeriod: number; status: string; items: { materialId: string; hireRate: number; damageRecoveryRate: number; shortRecoveryRate: number; rateAppliedAs: string; ...'. Two different types with this name exist, but they are unrelated.
        Type 'import("C:/Users/lenovo/Desktop/stockDo/frontend/node_modules/react-hook-form/dist/types/resolvers").ResolverResult<{ customerId: string; validFrom: Date; minimumRentPeriod: number; status: string; items: { materialId: string; hireRate: number; damageRecoveryRate: number; shortRecoveryRate: number; rateAppliedAs: st...' is not assignable to type 'import("C:/Users/lenovo/Desktop/stockDo/frontend/node_modules/react-hook-form/dist/types/resolvers").ResolverResult<{ customerId: string; validFrom: Date; minimumRentPeriod: number; status: string; items: { materialId: string; hireRate: number; damageRecoveryRate: number; shortRecoveryRate: number; rateAppliedAs: st...'. Two different types with this name exist, but they are unrelated.
          Type 'ResolverSuccess<TFieldValues>' is not assignable to type 'ResolverResult<{ customerId: string; validFrom: Date; minimumRentPeriod: number; status: string; items: { materialId: string; hireRate: number; damageRecoveryRate: number; shortRecoveryRate: number; rateAppliedAs: string; }[]; siteAddress?: string | undefined; residenceAddress?: string | undefined; authorizedReprese...'.
            Type 'ResolverSuccess<TFieldValues>' is not assignable to type 'ResolverSuccess<{ customerId: string; validFrom: Date; minimumRentPeriod: number; status: string; items: { materialId: string; hireRate: number; damageRecoveryRate: number; shortRecoveryRate: number; rateAppliedAs: string; }[]; siteAddress?: string | undefined; residenceAddress?: string | undefined; authorizedRepres...'.
              Type 'TFieldValues' is not assignable to type '{ customerId: string; validFrom: Date; minimumRentPeriod: number; status: string; items: { materialId: string; hireRate: number; damageRecoveryRate: number; shortRecoveryRate: number; rateAppliedAs: string; }[]; siteAddress?: string | undefined; residenceAddress?: string | undefined; authorizedRepresentative?: strin...'.
                Type 'FieldValues' is missing the following properties from type '{ customerId: string; validFrom: Date; minimumRentPeriod: number; status: string; items: { materialId: string; hireRate: number; damageRecoveryRate: number; shortRecoveryRate: number; rateAppliedAs: string; }[]; siteAddress?: string | undefined; residenceAddress?: string | undefined; authorizedRepresentative?: strin...': customerId, validFrom, minimumRentPeriod, status, items
src/app/dashboard/agreement/create/page.tsx(376,57): error TS2719: Type 'import("C:/Users/lenovo/Desktop/stockDo/frontend/node_modules/react-hook-form/dist/types/form").Control<{ customerId: string; validFrom: Date; minimumRentPeriod: number; status: string; items: { materialId: string; hireRate: number; damageRecoveryRate: number; shortRecoveryRate: number; rateAppliedAs: string; }[]; s...' is not assignable to type 'import("C:/Users/lenovo/Desktop/stockDo/frontend/node_modules/react-hook-form/dist/types/form").Control<{ customerId: string; validFrom: Date; minimumRentPeriod: number; status: string; items: { materialId: string; hireRate: number; damageRecoveryRate: number; shortRecoveryRate: number; rateAppliedAs: string; }[]; s...'. Two different types with this name exist, but they are unrelated.
  The types of '_options.resolver' are incompatible between these types.
    Type 'import("C:/Users/lenovo/Desktop/stockDo/frontend/node_modules/react-hook-form/dist/types/resolvers").Resolver<{ customerId: string; validFrom: Date; minimumRentPeriod: number; status: string; items: { materialId: string; hireRate: number; damageRecoveryRate: number; shortRecoveryRate: number; rateAppliedAs: string; ...' is not assignable to type 'import("C:/Users/lenovo/Desktop/stockDo/frontend/node_modules/react-hook-form/dist/types/resolvers").Resolver<{ customerId: string; validFrom: Date; minimumRentPeriod: number; status: string; items: { materialId: string; hireRate: number; damageRecoveryRate: number; shortRecoveryRate: number; rateAppliedAs: string; ...'. Two different types with this name exist, but they are unrelated.
      Type 'import("C:/Users/lenovo/Desktop/stockDo/frontend/node_modules/react-hook-form/dist/types/resolvers").Resolver<{ customerId: string; validFrom: Date; minimumRentPeriod: number; status: string; items: { materialId: string; hireRate: number; damageRecoveryRate: number; shortRecoveryRate: number; rateAppliedAs: string; ...' is not assignable to type 'import("C:/Users/lenovo/Desktop/stockDo/frontend/node_modules/react-hook-form/dist/types/resolvers").Resolver<{ customerId: string; validFrom: Date; minimumRentPeriod: number; status: string; items: { materialId: string; hireRate: number; damageRecoveryRate: number; shortRecoveryRate: number; rateAppliedAs: string; ...'. Two different types with this name exist, but they are unrelated.
        Type 'import("C:/Users/lenovo/Desktop/stockDo/frontend/node_modules/react-hook-form/dist/types/resolvers").ResolverResult<{ customerId: string; validFrom: Date; minimumRentPeriod: number; status: string; items: { materialId: string; hireRate: number; damageRecoveryRate: number; shortRecoveryRate: number; rateAppliedAs: st...' is not assignable to type 'import("C:/Users/lenovo/Desktop/stockDo/frontend/node_modules/react-hook-form/dist/types/resolvers").ResolverResult<{ customerId: string; validFrom: Date; minimumRentPeriod: number; status: string; items: { materialId: string; hireRate: number; damageRecoveryRate: number; shortRecoveryRate: number; rateAppliedAs: st...'. Two different types with this name exist, but they are unrelated.
          Type 'ResolverSuccess<TFieldValues>' is not assignable to type 'ResolverResult<{ customerId: string; validFrom: Date; minimumRentPeriod: number; status: string; items: { materialId: string; hireRate: number; damageRecoveryRate: number; shortRecoveryRate: number; rateAppliedAs: string; }[]; siteAddress?: string | undefined; residenceAddress?: string | undefined; authorizedReprese...'.
            Type 'ResolverSuccess<TFieldValues>' is not assignable to type 'ResolverSuccess<{ customerId: string; validFrom: Date; minimumRentPeriod: number; status: string; items: { materialId: string; hireRate: number; damageRecoveryRate: number; shortRecoveryRate: number; rateAppliedAs: string; }[]; siteAddress?: string | undefined; residenceAddress?: string | undefined; authorizedRepres...'.
              Type 'TFieldValues' is not assignable to type '{ customerId: string; validFrom: Date; minimumRentPeriod: number; status: string; items: { materialId: string; hireRate: number; damageRecoveryRate: number; shortRecoveryRate: number; rateAppliedAs: string; }[]; siteAddress?: string | undefined; residenceAddress?: string | undefined; authorizedRepresentative?: strin...'.
                Type 'FieldValues' is missing the following properties from type '{ customerId: string; validFrom: Date; minimumRentPeriod: number; status: string; items: { materialId: string; hireRate: number; damageRecoveryRate: number; shortRecoveryRate: number; rateAppliedAs: string; }[]; siteAddress?: string | undefined; residenceAddress?: string | undefined; authorizedRepresentative?: strin...': customerId, validFrom, minimumRentPeriod, status, items
src/app/dashboard/agreement/create/page.tsx(391,57): error TS2719: Type 'import("C:/Users/lenovo/Desktop/stockDo/frontend/node_modules/react-hook-form/dist/types/form").Control<{ customerId: string; validFrom: Date; minimumRentPeriod: number; status: string; items: { materialId: string; hireRate: number; damageRecoveryRate: number; shortRecoveryRate: number; rateAppliedAs: string; }[]; s...' is not assignable to type 'import("C:/Users/lenovo/Desktop/stockDo/frontend/node_modules/react-hook-form/dist/types/form").Control<{ customerId: string; validFrom: Date; minimumRentPeriod: number; status: string; items: { materialId: string; hireRate: number; damageRecoveryRate: number; shortRecoveryRate: number; rateAppliedAs: string; }[]; s...'. Two different types with this name exist, but they are unrelated.
  The types of '_options.resolver' are incompatible between these types.
    Type 'import("C:/Users/lenovo/Desktop/stockDo/frontend/node_modules/react-hook-form/dist/types/resolvers").Resolver<{ customerId: string; validFrom: Date; minimumRentPeriod: number; status: string; items: { materialId: string; hireRate: number; damageRecoveryRate: number; shortRecoveryRate: number; rateAppliedAs: string; ...' is not assignable to type 'import("C:/Users/lenovo/Desktop/stockDo/frontend/node_modules/react-hook-form/dist/types/resolvers").Resolver<{ customerId: string; validFrom: Date; minimumRentPeriod: number; status: string; items: { materialId: string; hireRate: number; damageRecoveryRate: number; shortRecoveryRate: number; rateAppliedAs: string; ...'. Two different types with this name exist, but they are unrelated.
      Type 'import("C:/Users/lenovo/Desktop/stockDo/frontend/node_modules/react-hook-form/dist/types/resolvers").Resolver<{ customerId: string; validFrom: Date; minimumRentPeriod: number; status: string; items: { materialId: string; hireRate: number; damageRecoveryRate: number; shortRecoveryRate: number; rateAppliedAs: string; ...' is not assignable to type 'import("C:/Users/lenovo/Desktop/stockDo/frontend/node_modules/react-hook-form/dist/types/resolvers").Resolver<{ customerId: string; validFrom: Date; minimumRentPeriod: number; status: string; items: { materialId: string; hireRate: number; damageRecoveryRate: number; shortRecoveryRate: number; rateAppliedAs: string; ...'. Two different types with this name exist, but they are unrelated.
        Type 'import("C:/Users/lenovo/Desktop/stockDo/frontend/node_modules/react-hook-form/dist/types/resolvers").ResolverResult<{ customerId: string; validFrom: Date; minimumRentPeriod: number; status: string; items: { materialId: string; hireRate: number; damageRecoveryRate: number; shortRecoveryRate: number; rateAppliedAs: st...' is not assignable to type 'import("C:/Users/lenovo/Desktop/stockDo/frontend/node_modules/react-hook-form/dist/types/resolvers").ResolverResult<{ customerId: string; validFrom: Date; minimumRentPeriod: number; status: string; items: { materialId: string; hireRate: number; damageRecoveryRate: number; shortRecoveryRate: number; rateAppliedAs: st...'. Two different types with this name exist, but they are unrelated.
          Type 'ResolverSuccess<TFieldValues>' is not assignable to type 'ResolverResult<{ customerId: string; validFrom: Date; minimumRentPeriod: number; status: string; items: { materialId: string; hireRate: number; damageRecoveryRate: number; shortRecoveryRate: number; rateAppliedAs: string; }[]; siteAddress?: string | undefined; residenceAddress?: string | undefined; authorizedReprese...'.
            Type 'ResolverSuccess<TFieldValues>' is not assignable to type 'ResolverSuccess<{ customerId: string; validFrom: Date; minimumRentPeriod: number; status: string; items: { materialId: string; hireRate: number; damageRecoveryRate: number; shortRecoveryRate: number; rateAppliedAs: string; }[]; siteAddress?: string | undefined; residenceAddress?: string | undefined; authorizedRepres...'.
              Type 'TFieldValues' is not assignable to type '{ customerId: string; validFrom: Date; minimumRentPeriod: number; status: string; items: { materialId: string; hireRate: number; damageRecoveryRate: number; shortRecoveryRate: number; rateAppliedAs: string; }[]; siteAddress?: string | undefined; residenceAddress?: string | undefined; authorizedRepresentative?: strin...'.
                Type 'FieldValues' is missing the following properties from type '{ customerId: string; validFrom: Date; minimumRentPeriod: number; status: string; items: { materialId: string; hireRate: number; damageRecoveryRate: number; shortRecoveryRate: number; rateAppliedAs: string; }[]; siteAddress?: string | undefined; residenceAddress?: string | undefined; authorizedRepresentative?: strin...': customerId, validFrom, minimumRentPeriod, status, items
