src/transactions/transactions.service.ts(124,44): error TS2345: Argument of type '{ customer: { id: string; name: string; ledgerAccountId: string | null; relationType: string | null; relationName: string | null; pan: string | null; officeAddress: string | null; ... 18 more ...; updatedAt: Date; }; netDue: number; }' is not assignable to parameter of type 'never'.
src/transactions/transactions.service.ts(133,51): error TS2339: Property 'netDue' does not exist on type 'never'.
src/transactions/transactions.service.ts(133,62): error TS2339: Property 'netDue' does not exist on type 'never'.
